
[1m[30m[46m RUN [49m[39m[22m [36mv4.1.10 [39m[90m/app/applet[39m

[90mstdout[2m | tests/ui/dashboard-home-experience.test.tsx
[22m[39m[MusicScale Firebase] Firestore initialized without persistent cache (Test environment).

[90mstderr[2m | tests/ui/dashboard-home-experience.test.tsx[2m > [22m[2mDashboard Home Experience UI[2m > [22m[2m21. não existe "Nova Escala" fixa em EN ou ES
[22m[39mAn update to HomeFocusCard inside a test was not wrapped in act(...).

When testing, code that causes React state updates should be wrapped into act(...):

act(() => {
  /* fire events that update state */
});
/* assert on the output */

This ensures that you're testing the behavior the user would see in the browser. Learn more at https://react.dev/link/wrap-tests-with-act
An update to HomeSecondaryContent inside a test was not wrapped in act(...).

When testing, code that causes React state updates should be wrapped into act(...):

act(() => {
  /* fire events that update state */
});
/* assert on the output */

This ensures that you're testing the behavior the user would see in the browser. Learn more at https://react.dev/link/wrap-tests-with-act
An update to DashboardPage inside a test was not wrapped in act(...).

When testing, code that causes React state updates should be wrapped into act(...):

act(() => {
  /* fire events that update state */
});
/* assert on the output */

This ensures that you're testing the behavior the user would see in the browser. Learn more at https://react.dev/link/wrap-tests-with-act

 [31m❯[39m tests/ui/dashboard-home-experience.test.tsx [2m([22m[2m51 tests[22m[2m | [22m[31m3 failed[39m[2m)[22m[33m 887[2mms[22m[39m
     [32m✓[39m 1. músico escalado vê evento, função e resposta[32m 116[2mms[22m[39m
     [32m✓[39m 2. músico não vê criar, editar, excluir ou clonar[32m 25[2mms[22m[39m
     [32m✓[39m 3. líder vê rascunho[32m 39[2mms[22m[39m
     [32m✓[39m 4. líder vê pendências[32m 26[2mms[22m[39m
     [32m✓[39m 5. dashboard renderiza no estado padrão sem exibir jornada explícita[32m 14[2mms[22m[39m
     [32m✓[39m 6. organização sem eventos vê criação[32m 14[2mms[22m[39m
     [32m✓[39m 7. usuário comum sem eventos vê vazio[32m 12[2mms[22m[39m
     [32m✓[39m 8. métricas artificiais não aparecem[32m 10[2mms[22m[39m
     [32m✓[39m 9. acesso rápido antigo não aparece[32m 17[2mms[22m[39m
[31m     [31m×[31m 10. Biblioteca Viva não domina o foco[39m[32m 22[2mms[22m[39m
[31m     [31m×[31m 11. Explorar mais inicia recolhido no celular[39m[32m 23[2mms[22m[39m
[31m     [31m×[31m 12. aria-expanded muda ao clicar em Explorar mais[39m[32m 16[2mms[22m[39m
     [32m✓[39m 13. próximos eventos limitados a três[32m 28[2mms[22m[39m
     [32m✓[39m 14. Ver todos abre /scales[32m 30[2mms[22m[39m
     [32m✓[39m 15. evento funciona por teclado[32m 15[2mms[22m[39m
     [32m✓[39m 16. ações possuem texto[32m 16[2mms[22m[39m
     [32m✓[39m 17. criação usa openScaleForm[32m 12[2mms[22m[39m
     [32m✓[39m 18. PT funciona[32m 9[2mms[22m[39m
     [32m✓[39m 19. EN funciona[32m 13[2mms[22m[39m
     [32m✓[39m 20. ES funciona[32m 14[2mms[22m[39m
     [32m✓[39m 21. não existe "Nova Escala" fixa em EN ou ES[32m 29[2mms[22m[39m
     [32m✓[39m 22. SupportRuntimeInspector fica oculto[32m 10[2mms[22m[39m
     [32m✓[39m 23. AssignmentResponseActions recebe musicScaleId correto, 24. recebe assignments reais, 25. eventStart Date, 26. não recebe isBandScale[32m 53[2mms[22m[39m
     [32m✓[39m 27. Performance usa openSongDetail[32m 16[2mms[22m[39m
     [32m✓[39m 28. criar escala não navega para /scales/new[32m 10[2mms[22m[39m
     [32m✓[39m 29. repetir leva à lista /scales sem query falsa[32m 15[2mms[22m[39m
     [32m✓[39m 30. próximos eventos usam upcomingEvents retornado separadamente[32m 15[2mms[22m[39m
     [32m✓[39m 31. jornada elegível e não concluída com step team mostra o card[32m 7[2mms[22m[39m
     [32m✓[39m 32. jornada elegível e não concluída com step publish mostra o card[32m 31[2mms[22m[39m
     [32m✓[39m 33. jornada concluída com currentEssentialStep: null não mostra o card[32m 10[2mms[22m[39m
     [32m✓[39m 34. jornada não elegível não mostra o card[32m 9[2mms[22m[39m
     [32m✓[39m 35. jornada em loading mantém o estado de carregamento correto[32m 4[2mms[22m[39m
     [32m✓[39m 36. experiência normal com evento continua mostrando HomeFocusCard[32m 16[2mms[22m[39m
     [32m✓[39m 37. organização sem eventos e sem jornada segue o fluxo normal atual[32m 10[2mms[22m[39m
       [32m✓[39m 1. renderiza a seção explorar e Biblioteca Viva[32m 52[2mms[22m[39m
       [32m✓[39m 2. renderiza AI Import se tiver permissão[32m 14[2mms[22m[39m
       [32m✓[39m 3. oculta AI Import se não tiver permissão[32m 7[2mms[22m[39m
       [32m✓[39m 4. navega para /library ao clicar em Biblioteca Viva[32m 10[2mms[22m[39m
       [32m✓[39m 5. abre importação ao clicar em IA[32m 10[2mms[22m[39m
       [32m✓[39m 6. Performance Mode card mostra "Ver escalas" sem evento ativo[32m 10[2mms[22m[39m
     [32m✓[39m 1. experience.event aponta para evento publicado[32m 7[2mms[22m[39m
     [32m✓[39m 2. experience.draftEvent aponta para outro ID[32m 11[2mms[22m[39m
     [32m✓[39m 3. modo continue-draft[32m 12[2mms[22m[39m
     [32m✓[39m 4. clicar em Continuar preparando[32m 5[2mms[22m[39m
     [32m✓[39m 5. missing-team[32m 5[2mms[22m[39m
     [32m✓[39m 6. missing-repertoire[32m 5[2mms[22m[39m
     [32m✓[39m 7. missing-time[32m 6[2mms[22m[39m
     [32m✓[39m 8. missing-location[32m 5[2mms[22m[39m
     [32m✓[39m 9. rascunho completo usa draft/review[32m 7[2mms[22m[39m
     [32m✓[39m 10. ausência de handler abre draftEvent[32m 5[2mms[22m[39m
     [32m✓[39m 11. rascunho raw ausente executa fallback[32m 2[2mms[22m[39m

[31m⎯⎯⎯⎯⎯⎯⎯[39m[1m[41m Failed Tests 3 [49m[22m[31m⎯⎯⎯⎯⎯⎯⎯[39m

[41m[1m FAIL [22m[49m tests/ui/dashboard-home-experience.test.tsx[2m > [22mDashboard Home Experience UI[2m > [22m10. Biblioteca Viva não domina o foco
[31m[1mTestingLibraryElementError[22m[39m: Found multiple elements with the text: /Biblioteca Viva/i

Here are the matching elements:

Ignored nodes: comments, script, style
[36m<h3[39m
  [33mclass[39m=[32m"text-lg sm:text-xl font-bold text-slate-900 dark:text-white mb-2 relative z-10"[39m
[36m>[39m
  [0mBiblioteca Viva[0m
[36m</h3>[39m

Ignored nodes: comments, script, style
[36m<div[39m
  [33mclass[39m=[32m"mt-auto relative z-10 text-indigo-600 dark:text-indigo-400 font-bold text-sm flex items-center gap-2 group-hover:gap-3 transition-all"[39m
[36m>[39m
  [0mExplorar Biblioteca Viva[0m
  [0m →[0m
[36m</div>[39m

(If this is intentional, then use the `*AllBy*` variant of the query (like `queryAllByText`, `getAllByText`, or `findAllByText`)).

Ignored nodes: comments, script, style
[36m<body>[39m
  [36m<div>[39m
    [36m<div[39m
      [33mclass[39m=[32m"relative isolate max-w-6xl mx-auto px-4 sm:px-6 lg:px-8 pt-4 pb-24 sm:pt-8 sm:pb-12 lg:pb-8 space-y-6 sm:space-y-8 animate-fade-in touch-manipulation"[39m
    [36m>[39m
      [36m<header>[39m
        [36m<h1[39m
          [33mclass[39m=[32m"text-2xl sm:text-3xl font-bold text-slate-900 dark:text-white tracking-tight"[39m
        [36m>[39m
          [0mOlá, Daniel[0m
        [36m</h1>[39m
        [36m<p[39m
          [33mclass[39m=[32m"text-slate-600 dark:text-slate-400 text-sm sm:text-base mt-1"[39m
        [36m>[39m
          [0mVeja o que precisa da sua atenção hoje.[0m
        [36m</p>[39m
      [36m</header>[39m
      [36m<div[39m
        [33mclass[39m=[32m"
    bg-white dark:bg-white/[0.02] dark:backdrop-blur-3xl border border-black/[0.04] dark:border-white/5
    rounded-[24px]
    shadow-[0_8px_30px_rgb(0,0,0,0.02)] dark:shadow-[0_8px_30px_rgb(0,0,0,0.05)]
    transition-all duration-300
    p-6 md:p-8
    
    p-4 sm:p-6 bg-gradient-to-b from-white to-slate-50/50 dark:from-[#13131A] dark:to-[#0D0D12] border-none shadow-2xl shadow-black/5 dark:shadow-black/40 relative overflow-hidden rounded-3xl
  "[39m
      [36m>[39m
        [36m<div[39m
          [33mclass[39m=[32m"absolute top-0 left-0 right-0 h-1 bg-gradient-to-r from-indigo-500/0 via-indigo-500/20 to-indigo-500/0"[39m
        [36m/>[39m
        [36m<div[39m
          [33mclass[39m=[32m"flex flex-col gap-4"[39m
        [36m>[39m
          [36m<div>[39m
            [36m<span[39m
              [33mclass[39m=[32m"text-xs font-bold uppercase tracking-[0.2em] text-slate-400 dark:text-slate-500"[39m
            [36m>[39m
              [0mAgenda livre[0m
            [36m</span>[39m
          [36m</div>[39m
          [36m<div>[39m
            [36m<h2[39m
              [33mclass[39m=[32m"text-4xl font-extrabold text-slate-900 dark:text-white tracking-tight leading-none"[39m
            [36m>[39m
              [0mVocê não tem compromissos próximos.[0m
            [36m</h2>[39m
            [36m<p[39m
              [33mclass[39m=[32m"text-lg text-slate-600 dark:text-slate-400 mt-4"[39m
            [36m>[39m
              [0mAvisaram quando uma nova escala for publicada.[0m
            [36m</p>[39m
          [36m</div>[39m
        [36m</div>[39m
      [36m</div>[39m
      [36m<div[39m
        [33mclass[39m=[32m"grid grid-cols-1 lg:grid-cols-2 gap-6 lg:gap-8 items-start"[39m
      [36m/>[39m
      [36m<div[39m
        [33mclass[39m=[32m"pt-2"[39m
      [36m>[39m
        [36m<section[39m
          [33maria-labelledby[39m=[32m"dashboard-explore-title"[39m
          [33mclass[39m=[32m"space-y-8"[39m
        [36m>[39m
          [36m<header[39m
            [33mclass[39m=[32m"space-y-2"[39m
          [36m>[39m
            [36m<div[39m
              [33mclass[39m=[32m"flex items-center gap-2 text-indigo-600 dark:text-indigo-400 font-bold uppercase tracking-widest text-xs"[39m
            [36m>[39m
              [36m<svg[39m
                [33maria-hidden[39m=[32m"true"[39m
                [33mclass[39m=[32m"lucide lucide-compass w-4 h-4"[39m
                [33mfill[39m=[32m"none"[39m
                [33mheight[39m=[32m"24"[39m
                [33mstroke[39m=[32m"currentColor"[39m
                [33mstroke-linecap[39m=[32m"round"[39m
                [33mstroke-linejoin[39m=[32m"round"[39m
                [33mstroke-width[39m=[32m"2"[39m
                [33mviewBox[39m=[32m"0 0 24 24"[39m
                [33mwidth[39m=[32m"24"[39m
                [33mxmlns[39m=[32m"http://www.w3.org/2000/svg"[39m
              [36m>[39m
                [36m<circle[39m
                  [33mcx[39m=[32m"12"[39m
                  [33mcy[39m=[32m"12"[39m
                  [33mr[39m=[32m"10"[39m
                [36m/>[39m
                [36m<path[39m
                  [33md[39m=[32m"m16.24 7.76-1.804 5.411a2 2 0 0 1-1.265 1.265L7.76 16.24l1.804-5.411a2 2 0 0 1 1.265-1.265z"[39m
                [36m/>[39m
              [36m</svg>[39m
              [36m<span>[39m
                [0mDescubra recursos[0m
              [36m</span>[39m
            [36m</div>[39m
            [36m<h2[39m
              [33mclass[39m=[32m"text-xl sm:text-2xl font-bold text-slate-900 dark:text-white tracking-tight"[39m
              [33mid[39m=[32m"dashboard-explore-title"[39m
            [36m>[39m
              [0mExplore mais no MusicScale[0m
            [36m</h2>[39m
            [36m<p[39m
              [33mclass[39m=[32m"text-slate-600 dark:text-slate-400 text-sm sm:text-base max-w-2xl"[39m
            [36m>[39m
              [0mFerramentas que ajudam sua equipe a preparar repertórios, ensaios e cultos com mais clareza.[0m
            [36m</p>[39m
          [36m</header>[39m
          [36m<div[39m
            [33mclass[39m=[32m"grid grid-cols-1 md:grid-cols-2 lg:grid-cols-4 gap-4"[39m
          [36m>[39m
            [36m<button[39m
              [33maria-label[39m=[32m"Explorar Biblioteca Viva"[39m
              [33mclass[39m=[32m"group relative flex flex-col items-start text-left bg-gradient-to-br from-slate-50 to-white dark:from-slate-800/50 dark:to-slate-900/50 border border-slate-200 dark:border-slate-800 rounded-[24px] p-6 lg:p-8 overflow-hidden transition-all duration-300 hover:border-indigo-300 dark:hover:border-indigo-500/50 hover:shadow-lg hover:shadow-indigo-500/5 focus:outline-none focus-visible:ring-2 focus-visible:ring-indigo-500 focus-visible:ring-offset-2 lg:col-span-2 min-h-[44px] motion-safe:hover:-translate-y-0.5"[39m
              [33mtype[39m=[32m"button"[39m
            [36m>[39m
              [36m<div[39m
                [33maria-hidden[39m=[32m"true"[39m
                [33mclass[39m=[32m"absolute top-0 right-0 p-8 opacity-5 dark:opacity-10 transition-transform duration-500 group-hover:scale-110 pointer-events-none"[39m
              [36m>[39m
                [36m<svg[39m
                  [33maria-hidden[39m=[32m"true"[39m
                  [33mclass[39m=[32m"lucide lucide-library w-32 h-32"[39m
                  [33mfill[39m=[32m"none"[39m
                  [33mheight[39m=[32m"24"[39m
                  [33mstroke[39m=[32m"currentColor"[39m
                  [33mstroke-linecap[39m=[32m"round"[39m
                  [33mstroke-linejoin[39m=[32m"round"[39m
                  [33mstroke-width[39m=[32m"2"[39m
                  [33mviewBox[39m=[32m"0 0 24 24"[39m
                  [33mwidth[39m=[32m"24"[39m
                  [33mxmlns[39m=[32m"http://www.w3.org/2000/svg"[39m
                [36m>[39m
                  [36m<path[39m
                    [33md[39m=[32m"m16 6 4 14"[39m
                  [36m/>[39m
                  ...
[90m [2m❯[22m Object.getElementError node_modules/@testing-library/dom/dist/config.js:[2m37:19[22m[39m
[90m [2m❯[22m getElementError node_modules/@testing-library/dom/dist/query-helpers.js:[2m20:35[22m[39m
[90m [2m❯[22m getMultipleElementsFoundError node_modules/@testing-library/dom/dist/query-helpers.js:[2m23:10[22m[39m
[90m [2m❯[22m node_modules/@testing-library/dom/dist/query-helpers.js:[2m55:13[22m[39m
[90m [2m❯[22m node_modules/@testing-library/dom/dist/query-helpers.js:[2m95:19[22m[39m
[36m [2m❯[22m tests/ui/dashboard-home-experience.test.tsx:[2m266:19[22m[39m
    [90m264|[39m   [34mit[39m([32m'10. Biblioteca Viva não domina o foco'[39m[33m,[39m () [33m=>[39m {
    [90m265|[39m     [34mrenderWithRouter[39m([33m<[39m[33mDashboardPage[39m [33m/[39m[33m>[39m)[33m;[39m
    [90m266|[39m     expect(screen.queryByText(/Biblioteca Viva/i)).not.toBeInTheDocume…
    [90m   |[39m                   [31m^[39m
    [90m267|[39m   })[33m;[39m
    [90m268|[39m

[31m[2m⎯⎯⎯⎯⎯⎯⎯⎯⎯⎯⎯⎯⎯⎯⎯⎯⎯⎯⎯⎯⎯⎯⎯⎯[1/3]⎯[22m[39m

[41m[1m FAIL [22m[49m tests/ui/dashboard-home-experience.test.tsx[2m > [22mDashboard Home Experience UI[2m > [22m11. Explorar mais inicia recolhido no celular
[31m[1mTestingLibraryElementError[22m[39m: Found multiple elements with the text: Do seu ministério

Here are the matching elements:

Ignored nodes: comments, script, style
[36m<h3[39m
  [33mclass[39m=[32m"text-lg font-bold text-slate-900 dark:text-white"[39m
[36m>[39m
  [0mDo seu ministério[0m
[36m</h3>[39m

Ignored nodes: comments, script, style
[36m<div[39m
  [33mclass[39m=[32m"text-slate-900 dark:text-white font-bold text-base"[39m
[36m>[39m
  [0mDo seu ministério[0m
[36m</div>[39m

(If this is intentional, then use the `*AllBy*` variant of the query (like `queryAllByText`, `getAllByText`, or `findAllByText`)).

Ignored nodes: comments, script, style
[36m<body>[39m
  [36m<div>[39m
    [36m<div[39m
      [33mclass[39m=[32m"relative isolate max-w-6xl mx-auto px-4 sm:px-6 lg:px-8 pt-4 pb-24 sm:pt-8 sm:pb-12 lg:pb-8 space-y-6 sm:space-y-8 animate-fade-in touch-manipulation"[39m
    [36m>[39m
      [36m<header>[39m
        [36m<h1[39m
          [33mclass[39m=[32m"text-2xl sm:text-3xl font-bold text-slate-900 dark:text-white tracking-tight"[39m
        [36m>[39m
          [0mOlá, Daniel[0m
        [36m</h1>[39m
        [36m<p[39m
          [33mclass[39m=[32m"text-slate-600 dark:text-slate-400 text-sm sm:text-base mt-1"[39m
        [36m>[39m
          [0mVeja o que precisa da sua atenção hoje.[0m
        [36m</p>[39m
      [36m</header>[39m
      [36m<div[39m
        [33mclass[39m=[32m"
    bg-white dark:bg-white/[0.02] dark:backdrop-blur-3xl border border-black/[0.04] dark:border-white/5
    rounded-[24px]
    shadow-[0_8px_30px_rgb(0,0,0,0.02)] dark:shadow-[0_8px_30px_rgb(0,0,0,0.05)]
    transition-all duration-300
    p-6 md:p-8
    
    p-4 sm:p-6 bg-gradient-to-b from-white to-slate-50/50 dark:from-[#13131A] dark:to-[#0D0D12] border-none shadow-2xl shadow-black/5 dark:shadow-black/40 relative overflow-hidden rounded-3xl
  "[39m
      [36m>[39m
        [36m<div[39m
          [33mclass[39m=[32m"absolute top-0 left-0 right-0 h-1 bg-gradient-to-r from-indigo-500/0 via-indigo-500/20 to-indigo-500/0"[39m
        [36m/>[39m
        [36m<div[39m
          [33mclass[39m=[32m"flex flex-col gap-4"[39m
        [36m>[39m
          [36m<div>[39m
            [36m<span[39m
              [33mclass[39m=[32m"text-xs font-bold uppercase tracking-[0.2em] text-slate-400 dark:text-slate-500"[39m
            [36m>[39m
              [0mAgenda livre[0m
            [36m</span>[39m
          [36m</div>[39m
          [36m<div>[39m
            [36m<h2[39m
              [33mclass[39m=[32m"text-4xl font-extrabold text-slate-900 dark:text-white tracking-tight leading-none"[39m
            [36m>[39m
              [0mVocê não tem compromissos próximos.[0m
            [36m</h2>[39m
            [36m<p[39m
              [33mclass[39m=[32m"text-lg text-slate-600 dark:text-slate-400 mt-4"[39m
            [36m>[39m
              [0mAvisaram quando uma nova escala for publicada.[0m
            [36m</p>[39m
          [36m</div>[39m
        [36m</div>[39m
      [36m</div>[39m
      [36m<div[39m
        [33mclass[39m=[32m"grid grid-cols-1 lg:grid-cols-2 gap-6 lg:gap-8 items-start"[39m
      [36m/>[39m
      [36m<div[39m
        [33mclass[39m=[32m"pt-2"[39m
      [36m>[39m
        [36m<section[39m
          [33maria-labelledby[39m=[32m"dashboard-explore-title"[39m
          [33mclass[39m=[32m"space-y-8"[39m
        [36m>[39m
          [36m<header[39m
            [33mclass[39m=[32m"space-y-2"[39m
          [36m>[39m
            [36m<div[39m
              [33mclass[39m=[32m"flex items-center gap-2 text-indigo-600 dark:text-indigo-400 font-bold uppercase tracking-widest text-xs"[39m
            [36m>[39m
              [36m<svg[39m
                [33maria-hidden[39m=[32m"true"[39m
                [33mclass[39m=[32m"lucide lucide-compass w-4 h-4"[39m
                [33mfill[39m=[32m"none"[39m
                [33mheight[39m=[32m"24"[39m
                [33mstroke[39m=[32m"currentColor"[39m
                [33mstroke-linecap[39m=[32m"round"[39m
                [33mstroke-linejoin[39m=[32m"round"[39m
                [33mstroke-width[39m=[32m"2"[39m
                [33mviewBox[39m=[32m"0 0 24 24"[39m
                [33mwidth[39m=[32m"24"[39m
                [33mxmlns[39m=[32m"http://www.w3.org/2000/svg"[39m
              [36m>[39m
                [36m<circle[39m
                  [33mcx[39m=[32m"12"[39m
                  [33mcy[39m=[32m"12"[39m
                  [33mr[39m=[32m"10"[39m
                [36m/>[39m
                [36m<path[39m
                  [33md[39m=[32m"m16.24 7.76-1.804 5.411a2 2 0 0 1-1.265 1.265L7.76 16.24l1.804-5.411a2 2 0 0 1 1.265-1.265z"[39m
                [36m/>[39m
              [36m</svg>[39m
              [36m<span>[39m
                [0mDescubra recursos[0m
              [36m</span>[39m
            [36m</div>[39m
            [36m<h2[39m
              [33mclass[39m=[32m"text-xl sm:text-2xl font-bold text-slate-900 dark:text-white tracking-tight"[39m
              [33mid[39m=[32m"dashboard-explore-title"[39m
            [36m>[39m
              [0mExplore mais no MusicScale[0m
            [36m</h2>[39m
            [36m<p[39m
              [33mclass[39m=[32m"text-slate-600 dark:text-slate-400 text-sm sm:text-base max-w-2xl"[39m
            [36m>[39m
              [0mFerramentas que ajudam sua equipe a preparar repertórios, ensaios e cultos com mais clareza.[0m
            [36m</p>[39m
          [36m</header>[39m
          [36m<div[39m
            [33mclass[39m=[32m"grid grid-cols-1 md:grid-cols-2 lg:grid-cols-4 gap-4"[39m
          [36m>[39m
            [36m<button[39m
              [33maria-label[39m=[32m"Explorar Biblioteca Viva"[39m
              [33mclass[39m=[32m"group relative flex flex-col items-start text-left bg-gradient-to-br from-slate-50 to-white dark:from-slate-800/50 dark:to-slate-900/50 border border-slate-200 dark:border-slate-800 rounded-[24px] p-6 lg:p-8 overflow-hidden transition-all duration-300 hover:border-indigo-300 dark:hover:border-indigo-500/50 hover:shadow-lg hover:shadow-indigo-500/5 focus:outline-none focus-visible:ring-2 focus-visible:ring-indigo-500 focus-visible:ring-offset-2 lg:col-span-2 min-h-[44px] motion-safe:hover:-translate-y-0.5"[39m
              [33mtype[39m=[32m"button"[39m
            [36m>[39m
              [36m<div[39m
                [33maria-hidden[39m=[32m"true"[39m
                [33mclass[39m=[32m"absolute top-0 right-0 p-8 opacity-5 dark:opacity-10 transition-transform duration-500 group-hover:scale-110 pointer-events-none"[39m
              [36m>[39m
                [36m<svg[39m
                  [33maria-hidden[39m=[32m"true"[39m
                  [33mclass[39m=[32m"lucide lucide-library w-32 h-32"[39m
                  [33mfill[39m=[32m"none"[39m
                  [33mheight[39m=[32m"24"[39m
                  [33mstroke[39m=[32m"currentColor"[39m
                  [33mstroke-linecap[39m=[32m"round"[39m
                  [33mstroke-linejoin[39m=[32m"round"[39m
                  [33mstroke-width[39m=[32m"2"[39m
                  [33mviewBox[39m=[32m"0 0 24 24"[39m
                  [33mwidth[39m=[32m"24"[39m
                  [33mxmlns[39m=[32m"http://www.w3.org/2000/svg"[39m
                [36m>[39m
                  [36m<path[39m
                    [33md[39m=[32m"m16 6 4 14"[39m
                  [36m/>[39m
                  ...
[90m [2m❯[22m Object.getElementError node_modules/@testing-library/dom/dist/config.js:[2m37:19[22m[39m
[90m [2m❯[22m getElementError node_modules/@testing-library/dom/dist/query-helpers.js:[2m20:35[22m[39m
[90m [2m❯[22m getMultipleElementsFoundError node_modules/@testing-library/dom/dist/query-helpers.js:[2m23:10[22m[39m
[90m [2m❯[22m node_modules/@testing-library/dom/dist/query-helpers.js:[2m55:13[22m[39m
[90m [2m❯[22m node_modules/@testing-library/dom/dist/query-helpers.js:[2m95:19[22m[39m
[36m [2m❯[22m tests/ui/dashboard-home-experience.test.tsx:[2m275:35[22m[39m
    [90m273|[39m     })[33m;[39m
    [90m274|[39m     [34mrenderWithRouter[39m([33m<[39m[33mDashboardPage[39m [33m/[39m[33m>[39m)[33m;[39m
    [90m275|[39m     [35mconst[39m exploreBtnText [33m=[39m screen[33m.[39m[34mgetByText[39m([32m'Do seu ministério'[39m)[33m;[39m
    [90m   |[39m                                   [31m^[39m
    [90m276|[39m     [35mconst[39m exploreBtn [33m=[39m exploreBtnText[33m.[39m[34mclosest[39m([32m'button'[39m)[33m;[39m
    [90m277|[39m     [34mexpect[39m(exploreBtn)[33m.[39mnot[33m.[39m[34mtoBeNull[39m()[33m;[39m

[31m[2m⎯⎯⎯⎯⎯⎯⎯⎯⎯⎯⎯⎯⎯⎯⎯⎯⎯⎯⎯⎯⎯⎯⎯⎯[2/3]⎯[22m[39m

[41m[1m FAIL [22m[49m tests/ui/dashboard-home-experience.test.tsx[2m > [22mDashboard Home Experience UI[2m > [22m12. aria-expanded muda ao clicar em Explorar mais
[31m[1mTestingLibraryElementError[22m[39m: Found multiple elements with the text: Do seu ministério

Here are the matching elements:

Ignored nodes: comments, script, style
[36m<h3[39m
  [33mclass[39m=[32m"text-lg font-bold text-slate-900 dark:text-white"[39m
[36m>[39m
  [0mDo seu ministério[0m
[36m</h3>[39m

Ignored nodes: comments, script, style
[36m<div[39m
  [33mclass[39m=[32m"text-slate-900 dark:text-white font-bold text-base"[39m
[36m>[39m
  [0mDo seu ministério[0m
[36m</div>[39m

(If this is intentional, then use the `*AllBy*` variant of the query (like `queryAllByText`, `getAllByText`, or `findAllByText`)).

Ignored nodes: comments, script, style
[36m<body>[39m
  [36m<div>[39m
    [36m<div[39m
      [33mclass[39m=[32m"relative isolate max-w-6xl mx-auto px-4 sm:px-6 lg:px-8 pt-4 pb-24 sm:pt-8 sm:pb-12 lg:pb-8 space-y-6 sm:space-y-8 animate-fade-in touch-manipulation"[39m
    [36m>[39m
      [36m<header>[39m
        [36m<h1[39m
          [33mclass[39m=[32m"text-2xl sm:text-3xl font-bold text-slate-900 dark:text-white tracking-tight"[39m
        [36m>[39m
          [0mOlá, Daniel[0m
        [36m</h1>[39m
        [36m<p[39m
          [33mclass[39m=[32m"text-slate-600 dark:text-slate-400 text-sm sm:text-base mt-1"[39m
        [36m>[39m
          [0mVeja o que precisa da sua atenção hoje.[0m
        [36m</p>[39m
      [36m</header>[39m
      [36m<div[39m
        [33mclass[39m=[32m"
    bg-white dark:bg-white/[0.02] dark:backdrop-blur-3xl border border-black/[0.04] dark:border-white/5
    rounded-[24px]
    shadow-[0_8px_30px_rgb(0,0,0,0.02)] dark:shadow-[0_8px_30px_rgb(0,0,0,0.05)]
    transition-all duration-300
    p-6 md:p-8
    
    p-4 sm:p-6 bg-gradient-to-b from-white to-slate-50/50 dark:from-[#13131A] dark:to-[#0D0D12] border-none shadow-2xl shadow-black/5 dark:shadow-black/40 relative overflow-hidden rounded-3xl
  "[39m
      [36m>[39m
        [36m<div[39m
          [33mclass[39m=[32m"absolute top-0 left-0 right-0 h-1 bg-gradient-to-r from-indigo-500/0 via-indigo-500/20 to-indigo-500/0"[39m
        [36m/>[39m
        [36m<div[39m
          [33mclass[39m=[32m"flex flex-col gap-4"[39m
        [36m>[39m
          [36m<div>[39m
            [36m<span[39m
              [33mclass[39m=[32m"text-xs font-bold uppercase tracking-[0.2em] text-slate-400 dark:text-slate-500"[39m
            [36m>[39m
              [0mAgenda livre[0m
            [36m</span>[39m
          [36m</div>[39m
          [36m<div>[39m
            [36m<h2[39m
              [33mclass[39m=[32m"text-4xl font-extrabold text-slate-900 dark:text-white tracking-tight leading-none"[39m
            [36m>[39m
              [0mVocê não tem compromissos próximos.[0m
            [36m</h2>[39m
            [36m<p[39m
              [33mclass[39m=[32m"text-lg text-slate-600 dark:text-slate-400 mt-4"[39m
            [36m>[39m
              [0mAvisaram quando uma nova escala for publicada.[0m
            [36m</p>[39m
          [36m</div>[39m
        [36m</div>[39m
      [36m</div>[39m
      [36m<div[39m
        [33mclass[39m=[32m"grid grid-cols-1 lg:grid-cols-2 gap-6 lg:gap-8 items-start"[39m
      [36m/>[39m
      [36m<div[39m
        [33mclass[39m=[32m"pt-2"[39m
      [36m>[39m
        [36m<section[39m
          [33maria-labelledby[39m=[32m"dashboard-explore-title"[39m
          [33mclass[39m=[32m"space-y-8"[39m
        [36m>[39m
          [36m<header[39m
            [33mclass[39m=[32m"space-y-2"[39m
          [36m>[39m
            [36m<div[39m
              [33mclass[39m=[32m"flex items-center gap-2 text-indigo-600 dark:text-indigo-400 font-bold uppercase tracking-widest text-xs"[39m
            [36m>[39m
              [36m<svg[39m
                [33maria-hidden[39m=[32m"true"[39m
                [33mclass[39m=[32m"lucide lucide-compass w-4 h-4"[39m
                [33mfill[39m=[32m"none"[39m
                [33mheight[39m=[32m"24"[39m
                [33mstroke[39m=[32m"currentColor"[39m
                [33mstroke-linecap[39m=[32m"round"[39m
                [33mstroke-linejoin[39m=[32m"round"[39m
                [33mstroke-width[39m=[32m"2"[39m
                [33mviewBox[39m=[32m"0 0 24 24"[39m
                [33mwidth[39m=[32m"24"[39m
                [33mxmlns[39m=[32m"http://www.w3.org/2000/svg"[39m
              [36m>[39m
                [36m<circle[39m
                  [33mcx[39m=[32m"12"[39m
                  [33mcy[39m=[32m"12"[39m
                  [33mr[39m=[32m"10"[39m
                [36m/>[39m
                [36m<path[39m
                  [33md[39m=[32m"m16.24 7.76-1.804 5.411a2 2 0 0 1-1.265 1.265L7.76 16.24l1.804-5.411a2 2 0 0 1 1.265-1.265z"[39m
                [36m/>[39m
              [36m</svg>[39m
              [36m<span>[39m
                [0mDescubra recursos[0m
              [36m</span>[39m
            [36m</div>[39m
            [36m<h2[39m
              [33mclass[39m=[32m"text-xl sm:text-2xl font-bold text-slate-900 dark:text-white tracking-tight"[39m
              [33mid[39m=[32m"dashboard-explore-title"[39m
            [36m>[39m
              [0mExplore mais no MusicScale[0m
            [36m</h2>[39m
            [36m<p[39m
              [33mclass[39m=[32m"text-slate-600 dark:text-slate-400 text-sm sm:text-base max-w-2xl"[39m
            [36m>[39m
              [0mFerramentas que ajudam sua equipe a preparar repertórios, ensaios e cultos com mais clareza.[0m
            [36m</p>[39m
          [36m</header>[39m
          [36m<div[39m
            [33mclass[39m=[32m"grid grid-cols-1 md:grid-cols-2 lg:grid-cols-4 gap-4"[39m
          [36m>[39m
            [36m<button[39m
              [33maria-label[39m=[32m"Explorar Biblioteca Viva"[39m
              [33mclass[39m=[32m"group relative flex flex-col items-start text-left bg-gradient-to-br from-slate-50 to-white dark:from-slate-800/50 dark:to-slate-900/50 border border-slate-200 dark:border-slate-800 rounded-[24px] p-6 lg:p-8 overflow-hidden transition-all duration-300 hover:border-indigo-300 dark:hover:border-indigo-500/50 hover:shadow-lg hover:shadow-indigo-500/5 focus:outline-none focus-visible:ring-2 focus-visible:ring-indigo-500 focus-visible:ring-offset-2 lg:col-span-2 min-h-[44px] motion-safe:hover:-translate-y-0.5"[39m
              [33mtype[39m=[32m"button"[39m
            [36m>[39m
              [36m<div[39m
                [33maria-hidden[39m=[32m"true"[39m
                [33mclass[39m=[32m"absolute top-0 right-0 p-8 opacity-5 dark:opacity-10 transition-transform duration-500 group-hover:scale-110 pointer-events-none"[39m
              [36m>[39m
                [36m<svg[39m
                  [33maria-hidden[39m=[32m"true"[39m
                  [33mclass[39m=[32m"lucide lucide-library w-32 h-32"[39m
                  [33mfill[39m=[32m"none"[39m
                  [33mheight[39m=[32m"24"[39m
                  [33mstroke[39m=[32m"currentColor"[39m
                  [33mstroke-linecap[39m=[32m"round"[39m
                  [33mstroke-linejoin[39m=[32m"round"[39m
                  [33mstroke-width[39m=[32m"2"[39m
                  [33mviewBox[39m=[32m"0 0 24 24"[39m
                  [33mwidth[39m=[32m"24"[39m
                  [33mxmlns[39m=[32m"http://www.w3.org/2000/svg"[39m
                [36m>[39m
                  [36m<path[39m
                    [33md[39m=[32m"m16 6 4 14"[39m
                  [36m/>[39m
                  ...
[90m [2m❯[22m Object.getElementError node_modules/@testing-library/dom/dist/config.js:[2m37:19[22m[39m
[90m [2m❯[22m getElementError node_modules/@testing-library/dom/dist/query-helpers.js:[2m20:35[22m[39m
[90m [2m❯[22m getMultipleElementsFoundError node_modules/@testing-library/dom/dist/query-helpers.js:[2m23:10[22m[39m
[90m [2m❯[22m node_modules/@testing-library/dom/dist/query-helpers.js:[2m55:13[22m[39m
[90m [2m❯[22m node_modules/@testing-library/dom/dist/query-helpers.js:[2m95:19[22m[39m
[36m [2m❯[22m tests/ui/dashboard-home-experience.test.tsx:[2m287:35[22m[39m
    [90m285|[39m     })[33m;[39m
    [90m286|[39m     [34mrenderWithRouter[39m([33m<[39m[33mDashboardPage[39m [33m/[39m[33m>[39m)[33m;[39m
    [90m287|[39m     [35mconst[39m exploreBtnText [33m=[39m screen[33m.[39m[34mgetByText[39m([32m'Do seu ministério'[39m)[33m;[39m
    [90m   |[39m                                   [31m^[39m
    [90m288|[39m     [35mconst[39m exploreBtn [33m=[39m exploreBtnText[33m.[39m[34mclosest[39m([32m'button'[39m)[33m;[39m
    [90m289|[39m     [34mexpect[39m(exploreBtn)[33m.[39mnot[33m.[39m[34mtoBeNull[39m()[33m;[39m

[31m[2m⎯⎯⎯⎯⎯⎯⎯⎯⎯⎯⎯⎯⎯⎯⎯⎯⎯⎯⎯⎯⎯⎯⎯⎯[3/3]⎯[22m[39m


[2m Test Files [22m [1m[31m1 failed[39m[22m[90m (1)[39m
[2m      Tests [22m [1m[31m3 failed[39m[22m[2m | [22m[1m[32m48 passed[39m[22m[90m (51)[39m
[2m   Start at [22m 23:49:58
[2m   Duration [22m 3.99s[2m (transform 655ms, setup 172ms, import 1.34s, tests 887ms, environment 1.34s)[22m

